// Jest Snapshot v1, https://goo.gl/fbAQLP

exports[`FindSimilarNeurons Plugin renders correctly 1`] = `
<DocumentFragment>
  <div>
    <div
      class="MuiFormControl-root MuiFormControl-fullWidth"
    >
      <div
        class="MuiFormControl-root MuiTextField-root MuiFormControl-fullWidth"
      >
        <label
          class="MuiFormLabel-root MuiInputLabel-root MuiInputLabel-formControl MuiInputLabel-animated"
          data-shrink="false"
        >
          Neuron ID
        </label>
        <div
          class="MuiInputBase-root MuiInput-root MuiInput-underline MuiInputBase-fullWidth MuiInput-fullWidth MuiInputBase-formControl MuiInput-formControl MuiInputBase-multiline MuiInput-multiline"
        >
          <textarea
            aria-invalid="false"
            class="MuiInputBase-input MuiInput-input MuiInputBase-inputMultiline MuiInput-inputMultiline"
            rows="1"
            style="height: 0px; overflow: hidden;"
          />
          <textarea
            aria-hidden="true"
            class="MuiInputBase-input MuiInput-input MuiInputBase-inputMultiline MuiInput-inputMultiline"
            readonly=""
            style="visibility: hidden; position: absolute; overflow: hidden; height: 0px; top: 0px; left: 0px; transform: translateZ(0); width: 100%;"
            tabindex="-1"
          />
        </div>
      </div>
    </div>
    <div>
      <div
        class="MuiFormControl-root NeuronStatusFilter-formControl-1"
      >
        <div
          class="MuiFormControl-root NeuronStatusFilter-formControl-1"
        >
          <label
            class="MuiFormLabel-root"
            style="display: inline-flex;"
          >
            Filter by status
            <div
              class="NeuronStatusFilter-tooltip-5"
              title=""
            >
              ?
            </div>
          </label>
          <div
            class="NeuronStatusFilter-select-3 css-2b097c-container"
          >
            <div
              class=" css-yk16xz-control"
            >
              <div
                class=" css-g1d714-ValueContainer"
              >
                <div
                  class="css-1rhbuit-multiValue"
                >
                  <div
                    class="css-12jo7m5"
                  >
                    Traced
                  </div>
                  <div
                    class="css-xb97g8"
                  >
                    <svg
                      aria-hidden="true"
                      class="css-6q0nyr-Svg"
                      focusable="false"
                      height="14"
                      viewBox="0 0 20 20"
                      width="14"
                    >
                      <path
                        d="M14.348 14.849c-0.469 0.469-1.229 0.469-1.697 0l-2.651-3.030-2.651 3.029c-0.469 0.469-1.229 0.469-1.697 0-0.469-0.469-0.469-1.229 0-1.697l2.758-3.15-2.759-3.152c-0.469-0.469-0.469-1.228 0-1.697s1.228-0.469 1.697 0l2.652 3.031 2.651-3.031c0.469-0.469 1.228-0.469 1.697 0s0.469 1.229 0 1.697l-2.758 3.152 2.758 3.15c0.469 0.469 0.469 1.229 0 1.698z"
                      />
                    </svg>
                  </div>
                </div>
                <div
                  class="css-b8ldur-Input"
                >
                  <div
                    class=""
                    style="display: inline-block;"
                  >
                    <input
                      aria-autocomplete="list"
                      autocapitalize="none"
                      autocomplete="off"
                      autocorrect="off"
                      id="react-select-2-input"
                      spellcheck="false"
                      style="box-sizing: content-box; width: 2px; border: 0px; opacity: 1; outline: 0; padding: 0px;"
                      tabindex="0"
                      type="text"
                      value=""
                    />
                    <div
                      style="position: absolute; top: 0px; left: 0px; visibility: hidden; height: 0px; overflow: scroll; white-space: pre; font-family: -webkit-small-control; letter-spacing: normal; text-transform: none;"
                    />
                  </div>
                </div>
              </div>
              <div
                class=" css-1hb7zxy-IndicatorsContainer"
              >
                <div
                  aria-hidden="true"
                  class=" css-tlfecz-indicatorContainer"
                >
                  <svg
                    aria-hidden="true"
                    class="css-6q0nyr-Svg"
                    focusable="false"
                    height="20"
                    viewBox="0 0 20 20"
                    width="20"
                  >
                    <path
                      d="M14.348 14.849c-0.469 0.469-1.229 0.469-1.697 0l-2.651-3.030-2.651 3.029c-0.469 0.469-1.229 0.469-1.697 0-0.469-0.469-0.469-1.229 0-1.697l2.758-3.15-2.759-3.152c-0.469-0.469-0.469-1.228 0-1.697s1.228-0.469 1.697 0l2.652 3.031 2.651-3.031c0.469-0.469 1.228-0.469 1.697 0s0.469 1.229 0 1.697l-2.758 3.152 2.758 3.15c0.469 0.469 0.469 1.229 0 1.698z"
                    />
                  </svg>
                </div>
                <span
                  class=" css-1okebmr-indicatorSeparator"
                />
                <div
                  aria-hidden="true"
                  class=" css-tlfecz-indicatorContainer"
                >
                  <svg
                    aria-hidden="true"
                    class="css-6q0nyr-Svg"
                    focusable="false"
                    height="20"
                    viewBox="0 0 20 20"
                    width="20"
                  >
                    <path
                      d="M4.516 7.548c0.436-0.446 1.043-0.481 1.576 0l3.908 3.747 3.908-3.747c0.533-0.481 1.141-0.446 1.574 0 0.436 0.445 0.408 1.197 0 1.615-0.406 0.418-4.695 4.502-4.695 4.502-0.217 0.223-0.502 0.335-0.787 0.335s-0.57-0.112-0.789-0.335c0 0-4.287-4.084-4.695-4.502s-0.436-1.17 0-1.615z"
                    />
                  </svg>
                </div>
              </div>
            </div>
          </div>
          <p>
            If a status is not chosen, "Traced" status will be used
          </p>
        </div>
      </div>
    </div>
    <button
      class="MuiButtonBase-root MuiButton-root MuiButton-contained MuiButton-containedPrimary Mui-disabled Mui-disabled"
      disabled=""
      tabindex="-1"
      type="button"
    >
      <span
        class="MuiButton-label"
      >
        Search By Body ID
      </span>
    </button>
  </div>
</DocumentFragment>
`;
