// Jest Snapshot v1, https://goo.gl/fbAQLP

exports[`find neurons Plugin renders correctly 1`] = `
<DocumentFragment>
  <div>
    <label
      class="MuiFormLabel-root MuiInputLabel-root MuiInputLabel-animated"
      for="select-multiple-chip"
    >
      Neuron Instance, Type or BodyId (optional)
    </label>
    <div
      class="NeuronInputField-select-2 css-2b097c-container"
    >
      <div
        class="asyncSelect__control css-yk16xz-control"
      >
        <div
          class="asyncSelect__value-container css-g1d714-ValueContainer"
        >
          <div
            class="asyncSelect__placeholder css-1wa3eu0-placeholder"
          >
            Type or Paste text for options
          </div>
          <div
            class="css-b8ldur-Input"
          >
            <div
              class="asyncSelect__input"
              style="display: inline-block;"
            >
              <input
                aria-autocomplete="list"
                autocapitalize="none"
                autocomplete="off"
                autocorrect="off"
                id="react-select-2-input"
                spellcheck="false"
                style="box-sizing: content-box; width: 2px; border: 0px; opacity: 1; outline: 0; padding: 0px;"
                tabindex="0"
                type="text"
                value=""
              />
              <div
                style="position: absolute; top: 0px; left: 0px; visibility: hidden; height: 0px; overflow: scroll; white-space: pre; font-family: -webkit-small-control; letter-spacing: normal; text-transform: none;"
              />
            </div>
          </div>
        </div>
        <div
          class="asyncSelect__indicators css-1hb7zxy-IndicatorsContainer"
        >
          <span
            class="asyncSelect__indicator-separator css-1okebmr-indicatorSeparator"
          />
          <div
            aria-hidden="true"
            class="asyncSelect__indicator asyncSelect__dropdown-indicator css-tlfecz-indicatorContainer"
          >
            <svg
              aria-hidden="true"
              class="css-6q0nyr-Svg"
              focusable="false"
              height="20"
              viewBox="0 0 20 20"
              width="20"
            >
              <path
                d="M4.516 7.548c0.436-0.446 1.043-0.481 1.576 0l3.908 3.747 3.908-3.747c0.533-0.481 1.141-0.446 1.574 0 0.436 0.445 0.408 1.197 0 1.615-0.406 0.418-4.695 4.502-4.695 4.502-0.217 0.223-0.502 0.335-0.787 0.335s-0.57-0.112-0.789-0.335c0 0-4.287-4.084-4.695-4.502s-0.436-1.17 0-1.615z"
              />
            </svg>
          </div>
        </div>
      </div>
    </div>
    <fieldset>
      <label
        class="MuiFormLabel-root MuiInputLabel-root MuiInputLabel-animated"
        for="select-multiple-chip"
      >
        Input Brain Regions
      </label>
      <div
        class="BrainRegionInput-select-3 css-2b097c-container"
      >
        <div
          class=" css-yk16xz-control"
        >
          <div
            class=" css-g1d714-ValueContainer"
          >
            <div
              class=" css-1wa3eu0-placeholder"
            >
              Select...
            </div>
            <div
              class="css-b8ldur-Input"
            >
              <div
                class=""
                style="display: inline-block;"
              >
                <input
                  aria-autocomplete="list"
                  autocapitalize="none"
                  autocomplete="off"
                  autocorrect="off"
                  id="react-select-3-input"
                  spellcheck="false"
                  style="box-sizing: content-box; width: 2px; border: 0px; opacity: 1; outline: 0; padding: 0px;"
                  tabindex="0"
                  type="text"
                  value=""
                />
                <div
                  style="position: absolute; top: 0px; left: 0px; visibility: hidden; height: 0px; overflow: scroll; white-space: pre; font-family: -webkit-small-control; letter-spacing: normal; text-transform: none;"
                />
              </div>
            </div>
          </div>
          <div
            class=" css-1hb7zxy-IndicatorsContainer"
          >
            <span
              class=" css-1okebmr-indicatorSeparator"
            />
            <div
              aria-hidden="true"
              class=" css-tlfecz-indicatorContainer"
            >
              <svg
                aria-hidden="true"
                class="css-6q0nyr-Svg"
                focusable="false"
                height="20"
                viewBox="0 0 20 20"
                width="20"
              >
                <path
                  d="M4.516 7.548c0.436-0.446 1.043-0.481 1.576 0l3.908 3.747 3.908-3.747c0.533-0.481 1.141-0.446 1.574 0 0.436 0.445 0.408 1.197 0 1.615-0.406 0.418-4.695 4.502-4.695 4.502-0.217 0.223-0.502 0.335-0.787 0.335s-0.57-0.112-0.789-0.335c0 0-4.287-4.084-4.695-4.502s-0.436-1.17 0-1.615z"
                />
              </svg>
            </div>
          </div>
        </div>
      </div>
      <div
        class="MuiGrid-root MuiGrid-container MuiGrid-spacing-xs-1 MuiGrid-align-items-xs-center"
      >
        <div
          class="MuiGrid-root MuiGrid-item"
        >
          <label
            class="MuiGrid-root MuiGrid-container MuiGrid-spacing-xs-1 MuiGrid-align-items-xs-center"
          >
            <div
              class="MuiGrid-root MuiGrid-item"
            >
              Match All
            </div>
            <div
              class="MuiGrid-root MuiGrid-item"
            >
              <span
                class="MuiSwitch-root"
              >
                <span
                  aria-disabled="false"
                  class="MuiButtonBase-root MuiIconButton-root PrivateSwitchBase-root-4 MuiSwitch-switchBase MuiSwitch-colorPrimary"
                >
                  <span
                    class="MuiIconButton-label"
                  >
                    <input
                      class="PrivateSwitchBase-input-7 MuiSwitch-input"
                      name="checked"
                      type="checkbox"
                      value=""
                    />
                    <span
                      class="MuiSwitch-thumb"
                    />
                  </span>
                  <span
                    class="MuiTouchRipple-root"
                  />
                </span>
                <span
                  class="MuiSwitch-track"
                />
              </span>
            </div>
            <div
              class="MuiGrid-root MuiGrid-item"
            >
              Any
            </div>
          </label>
        </div>
        <div
          class="MuiGrid-root MuiGrid-item"
          style="line-height: 0em;"
        >
          <svg
            aria-haspopup="true"
            aria-hidden="true"
            class="MuiSvgIcon-root makeStyles-icon-10"
            focusable="false"
            viewBox="0 0 24 24"
          >
            <path
              d="M12 2C6.48 2 2 6.48 2 12s4.48 10 10 10 10-4.48 10-10S17.52 2 12 2zm1 15h-2v-6h2v6zm0-8h-2V7h2v2z"
            />
          </svg>
        </div>
      </div>
    </fieldset>
    <fieldset>
      <label
        class="MuiFormLabel-root MuiInputLabel-root MuiInputLabel-animated"
        for="select-multiple-chip"
      >
        Output Brain Regions
      </label>
      <div
        class="BrainRegionInput-select-3 css-2b097c-container"
      >
        <div
          class=" css-yk16xz-control"
        >
          <div
            class=" css-g1d714-ValueContainer"
          >
            <div
              class=" css-1wa3eu0-placeholder"
            >
              Select...
            </div>
            <div
              class="css-b8ldur-Input"
            >
              <div
                class=""
                style="display: inline-block;"
              >
                <input
                  aria-autocomplete="list"
                  autocapitalize="none"
                  autocomplete="off"
                  autocorrect="off"
                  id="react-select-4-input"
                  spellcheck="false"
                  style="box-sizing: content-box; width: 2px; border: 0px; opacity: 1; outline: 0; padding: 0px;"
                  tabindex="0"
                  type="text"
                  value=""
                />
                <div
                  style="position: absolute; top: 0px; left: 0px; visibility: hidden; height: 0px; overflow: scroll; white-space: pre; font-family: -webkit-small-control; letter-spacing: normal; text-transform: none;"
                />
              </div>
            </div>
          </div>
          <div
            class=" css-1hb7zxy-IndicatorsContainer"
          >
            <span
              class=" css-1okebmr-indicatorSeparator"
            />
            <div
              aria-hidden="true"
              class=" css-tlfecz-indicatorContainer"
            >
              <svg
                aria-hidden="true"
                class="css-6q0nyr-Svg"
                focusable="false"
                height="20"
                viewBox="0 0 20 20"
                width="20"
              >
                <path
                  d="M4.516 7.548c0.436-0.446 1.043-0.481 1.576 0l3.908 3.747 3.908-3.747c0.533-0.481 1.141-0.446 1.574 0 0.436 0.445 0.408 1.197 0 1.615-0.406 0.418-4.695 4.502-4.695 4.502-0.217 0.223-0.502 0.335-0.787 0.335s-0.57-0.112-0.789-0.335c0 0-4.287-4.084-4.695-4.502s-0.436-1.17 0-1.615z"
                />
              </svg>
            </div>
          </div>
        </div>
      </div>
      <div
        class="MuiGrid-root MuiGrid-container MuiGrid-spacing-xs-1 MuiGrid-align-items-xs-center"
      >
        <div
          class="MuiGrid-root MuiGrid-item"
        >
          <label
            class="MuiGrid-root MuiGrid-container MuiGrid-spacing-xs-1 MuiGrid-align-items-xs-center"
          >
            <div
              class="MuiGrid-root MuiGrid-item"
            >
              Match All
            </div>
            <div
              class="MuiGrid-root MuiGrid-item"
            >
              <span
                class="MuiSwitch-root"
              >
                <span
                  aria-disabled="false"
                  class="MuiButtonBase-root MuiIconButton-root PrivateSwitchBase-root-4 MuiSwitch-switchBase MuiSwitch-colorPrimary"
                >
                  <span
                    class="MuiIconButton-label"
                  >
                    <input
                      class="PrivateSwitchBase-input-7 MuiSwitch-input"
                      name="checked"
                      type="checkbox"
                      value=""
                    />
                    <span
                      class="MuiSwitch-thumb"
                    />
                  </span>
                  <span
                    class="MuiTouchRipple-root"
                  />
                </span>
                <span
                  class="MuiSwitch-track"
                />
              </span>
            </div>
            <div
              class="MuiGrid-root MuiGrid-item"
            >
              Any
            </div>
          </label>
        </div>
        <div
          class="MuiGrid-root MuiGrid-item"
          style="line-height: 0em;"
        >
          <svg
            aria-haspopup="true"
            aria-hidden="true"
            class="MuiSvgIcon-root makeStyles-icon-10"
            focusable="false"
            viewBox="0 0 24 24"
          >
            <path
              d="M12 2C6.48 2 2 6.48 2 12s4.48 10 10 10 10-4.48 10-10S17.52 2 12 2zm1 15h-2v-6h2v6zm0-8h-2V7h2v2z"
            />
          </svg>
        </div>
      </div>
    </fieldset>
    <div
      class="MuiFormControl-root"
    >
      <label
        class="MuiFormControlLabel-root"
      >
        <span
          class="MuiSwitch-root"
        >
          <span
            aria-disabled="false"
            class="MuiButtonBase-root MuiIconButton-root PrivateSwitchBase-root-4 MuiSwitch-switchBase MuiSwitch-colorPrimary"
          >
            <span
              class="MuiIconButton-label"
            >
              <input
                class="PrivateSwitchBase-input-7 MuiSwitch-input"
                type="checkbox"
                value=""
              />
              <span
                class="MuiSwitch-thumb"
              />
            </span>
            <span
              class="MuiTouchRipple-root"
            />
          </span>
          <span
            class="MuiSwitch-track"
          />
        </span>
        <span
          class="MuiTypography-root MuiFormControlLabel-label MuiTypography-body1"
        >
          <h6
            class="MuiTypography-root MuiTypography-subtitle1"
            style="display: inline-flex;"
          >
            Allow all brain regions
          </h6>
        </span>
      </label>
    </div>
    <div
      class="MuiFormControl-root"
    >
      <label
        class="MuiFormControlLabel-root"
      >
        <span
          class="MuiSwitch-root"
        >
          <span
            aria-disabled="false"
            class="MuiButtonBase-root MuiIconButton-root PrivateSwitchBase-root-4 MuiSwitch-switchBase MuiSwitch-colorPrimary"
          >
            <span
              class="MuiIconButton-label"
            >
              <input
                class="PrivateSwitchBase-input-7 MuiSwitch-input"
                type="checkbox"
                value=""
              />
              <span
                class="MuiSwitch-thumb"
              />
            </span>
            <span
              class="MuiTouchRipple-root"
            />
          </span>
          <span
            class="MuiSwitch-track"
          />
        </span>
        <span
          class="MuiTypography-root MuiFormControlLabel-label MuiTypography-body1"
        >
          <h6
            class="MuiTypography-root MuiTypography-subtitle1"
            style="display: inline-flex;"
          >
            Advanced input
          </h6>
        </span>
      </label>
    </div>
    <div
      class="makeStyles-expandablePanel-12"
    >
      <div
        class="MuiPaper-root MuiAccordion-root MuiAccordion-rounded MuiPaper-elevation1 MuiPaper-rounded"
      >
        <div
          aria-disabled="false"
          aria-expanded="false"
          class="MuiButtonBase-root MuiAccordionSummary-root"
          role="button"
          tabindex="0"
        >
          <div
            class="MuiAccordionSummary-content"
          >
            <h6
              class="MuiTypography-root MuiTypography-subtitle1"
            >
              Optional neuron/segment filters
            </h6>
          </div>
          <div
            aria-disabled="false"
            aria-hidden="true"
            class="MuiButtonBase-root MuiIconButton-root MuiAccordionSummary-expandIcon MuiIconButton-edgeEnd"
          >
            <span
              class="MuiIconButton-label"
            >
              <svg
                aria-hidden="true"
                class="MuiSvgIcon-root"
                focusable="false"
                viewBox="0 0 24 24"
              >
                <path
                  d="M16.59 8.59L12 13.17 7.41 8.59 6 10l6 6 6-6z"
                />
              </svg>
            </span>
            <span
              class="MuiTouchRipple-root"
            />
          </div>
        </div>
        <div
          class="MuiCollapse-root MuiCollapse-hidden"
          style="min-height: 0px;"
        >
          <div
            class="MuiCollapse-wrapper"
          >
            <div
              class="MuiCollapse-wrapperInner"
            >
              <div
                role="region"
              >
                <div
                  class="MuiAccordionDetails-root makeStyles-nopad-13"
                >
                  <p>
                    Loading...
                  </p>
                </div>
              </div>
            </div>
          </div>
        </div>
      </div>
    </div>
    <button
      class="MuiButtonBase-root MuiButton-root MuiButton-contained MuiButton-containedPrimary"
      tabindex="0"
      type="button"
    >
      <span
        class="MuiButton-label"
      >
        Submit
      </span>
      <span
        class="MuiTouchRipple-root"
      />
    </button>
  </div>
</DocumentFragment>
`;
